2026-07-30 11:27:25,505 - INFO - Iniciando aplicación UNSPSC DGCP Buscador
2026-07-30 11:27:25,536 - INFO - Índices creados/verificados correctamente
2026-07-30 11:27:25,538 - INFO - Tablas nuevas creadas/verificadas correctamente
2026-07-30 11:27:26,791 - INFO - Catálogo cargado: 16889 registros
2026-07-30 11:27:26,979 - INFO - Sinónimos cargados: 2413 términos
2026-07-30 11:27:27,010 - INFO - Equivalencias DIGEPRES cargadas: 3627 registros
2026-07-30 11:28:10,136 - INFO - HTTP Request: GET https://huggingface.co/api/agent-harnesses "HTTP/1.1 200 OK"
2026-07-30 11:28:10,251 - INFO - HTTP Request: HEAD https://huggingface.co/sentence-transformers/paraphrase-multilingual-MiniLM-L12-v2/resolve/main/modules.json "HTTP/1.1 307 Temporary Redirect"
2026-07-30 11:28:10,313 - INFO - HTTP Request: HEAD https://huggingface.co/api/resolve-cache/models/sentence-transformers/paraphrase-multilingual-MiniLM-L12-v2/e8f8c211226b894fcb81acc59f3b34ba3efd5f42/modules.json "HTTP/1.1 200 OK"
2026-07-30 11:28:10,405 - INFO - HTTP Request: HEAD https://huggingface.co/sentence-transformers/paraphrase-multilingual-MiniLM-L12-v2/resolve/main/config_sentence_transformers.json "HTTP/1.1 307 Temporary Redirect"
2026-07-30 11:28:10,439 - INFO - HTTP Request: HEAD https://huggingface.co/api/resolve-cache/models/sentence-transformers/paraphrase-multilingual-MiniLM-L12-v2/e8f8c211226b894fcb81acc59f3b34ba3efd5f42/config_sentence_transformers.json "HTTP/1.1 200 OK"
2026-07-30 11:28:10,462 - INFO - Loading SentenceTransformer model from sentence-transformers/paraphrase-multilingual-MiniLM-L12-v2.
2026-07-30 11:28:10,526 - INFO - HTTP Request: HEAD https://huggingface.co/sentence-transformers/paraphrase-multilingual-MiniLM-L12-v2/resolve/main/config_sentence_transformers.json "HTTP/1.1 307 Temporary Redirect"
2026-07-30 11:28:10,559 - INFO - HTTP Request: HEAD https://huggingface.co/api/resolve-cache/models/sentence-transformers/paraphrase-multilingual-MiniLM-L12-v2/e8f8c211226b894fcb81acc59f3b34ba3efd5f42/config_sentence_transformers.json "HTTP/1.1 200 OK"
2026-07-30 11:28:10,646 - INFO - HTTP Request: HEAD https://huggingface.co/sentence-transformers/paraphrase-multilingual-MiniLM-L12-v2/resolve/main/README.md "HTTP/1.1 307 Temporary Redirect"
2026-07-30 11:28:10,697 - INFO - HTTP Request: HEAD https://huggingface.co/api/resolve-cache/models/sentence-transformers/paraphrase-multilingual-MiniLM-L12-v2/e8f8c211226b894fcb81acc59f3b34ba3efd5f42/README.md "HTTP/1.1 200 OK"
2026-07-30 11:28:10,808 - INFO - HTTP Request: HEAD https://huggingface.co/sentence-transformers/paraphrase-multilingual-MiniLM-L12-v2/resolve/main/modules.json "HTTP/1.1 307 Temporary Redirect"
2026-07-30 11:28:10,810 - WARNING - Warning: You are sending unauthenticated requests to the HF Hub. Please set a HF_TOKEN to enable higher rate limits and faster downloads.
2026-07-30 11:28:10,847 - INFO - HTTP Request: HEAD https://huggingface.co/api/resolve-cache/models/sentence-transformers/paraphrase-multilingual-MiniLM-L12-v2/e8f8c211226b894fcb81acc59f3b34ba3efd5f42/modules.json "HTTP/1.1 200 OK"
2026-07-30 11:28:10,979 - INFO - HTTP Request: HEAD https://huggingface.co/sentence-transformers/paraphrase-multilingual-MiniLM-L12-v2/resolve/main/sentence_bert_config.json "HTTP/1.1 307 Temporary Redirect"
2026-07-30 11:28:11,015 - INFO - HTTP Request: HEAD https://huggingface.co/api/resolve-cache/models/sentence-transformers/paraphrase-multilingual-MiniLM-L12-v2/e8f8c211226b894fcb81acc59f3b34ba3efd5f42/sentence_bert_config.json "HTTP/1.1 200 OK"
2026-07-30 11:28:11,111 - INFO - HTTP Request: HEAD https://huggingface.co/sentence-transformers/paraphrase-multilingual-MiniLM-L12-v2/resolve/main/adapter_config.json "HTTP/1.1 404 Not Found"
2026-07-30 11:28:11,202 - INFO - HTTP Request: HEAD https://huggingface.co/sentence-transformers/paraphrase-multilingual-MiniLM-L12-v2/resolve/main/config.json "HTTP/1.1 307 Temporary Redirect"
2026-07-30 11:28:11,242 - INFO - HTTP Request: HEAD https://huggingface.co/api/resolve-cache/models/sentence-transformers/paraphrase-multilingual-MiniLM-L12-v2/e8f8c211226b894fcb81acc59f3b34ba3efd5f42/config.json "HTTP/1.1 200 OK"
2026-07-30 11:28:11,752 - INFO - HTTP Request: HEAD https://huggingface.co/sentence-transformers/paraphrase-multilingual-MiniLM-L12-v2/resolve/main/processor_config.json "HTTP/1.1 404 Not Found"
2026-07-30 11:28:11,828 - INFO - HTTP Request: HEAD https://huggingface.co/sentence-transformers/paraphrase-multilingual-MiniLM-L12-v2/resolve/main/preprocessor_config.json "HTTP/1.1 404 Not Found"
2026-07-30 11:28:11,903 - INFO - HTTP Request: HEAD https://huggingface.co/sentence-transformers/paraphrase-multilingual-MiniLM-L12-v2/resolve/main/video_preprocessor_config.json "HTTP/1.1 404 Not Found"
2026-07-30 11:28:11,978 - INFO - HTTP Request: HEAD https://huggingface.co/sentence-transformers/paraphrase-multilingual-MiniLM-L12-v2/resolve/main/preprocessor_config.json "HTTP/1.1 404 Not Found"
2026-07-30 11:28:12,119 - INFO - HTTP Request: HEAD https://huggingface.co/sentence-transformers/paraphrase-multilingual-MiniLM-L12-v2/resolve/main/tokenizer_config.json "HTTP/1.1 307 Temporary Redirect"
2026-07-30 11:28:12,157 - INFO - HTTP Request: HEAD https://huggingface.co/api/resolve-cache/models/sentence-transformers/paraphrase-multilingual-MiniLM-L12-v2/e8f8c211226b894fcb81acc59f3b34ba3efd5f42/tokenizer_config.json "HTTP/1.1 200 OK"
2026-07-30 11:28:12,275 - INFO - HTTP Request: HEAD https://huggingface.co/sentence-transformers/paraphrase-multilingual-MiniLM-L12-v2/resolve/main/config.json "HTTP/1.1 307 Temporary Redirect"
2026-07-30 11:28:12,309 - INFO - HTTP Request: HEAD https://huggingface.co/api/resolve-cache/models/sentence-transformers/paraphrase-multilingual-MiniLM-L12-v2/e8f8c211226b894fcb81acc59f3b34ba3efd5f42/config.json "HTTP/1.1 200 OK"
2026-07-30 11:28:12,384 - INFO - HTTP Request: HEAD https://huggingface.co/sentence-transformers/paraphrase-multilingual-MiniLM-L12-v2/resolve/main/config.json "HTTP/1.1 307 Temporary Redirect"
2026-07-30 11:28:12,419 - INFO - HTTP Request: HEAD https://huggingface.co/api/resolve-cache/models/sentence-transformers/paraphrase-multilingual-MiniLM-L12-v2/e8f8c211226b894fcb81acc59f3b34ba3efd5f42/config.json "HTTP/1.1 200 OK"
2026-07-30 11:28:12,494 - INFO - HTTP Request: HEAD https://huggingface.co/sentence-transformers/paraphrase-multilingual-MiniLM-L12-v2/resolve/main/tokenizer_config.json "HTTP/1.1 307 Temporary Redirect"
2026-07-30 11:28:12,527 - INFO - HTTP Request: HEAD https://huggingface.co/api/resolve-cache/models/sentence-transformers/paraphrase-multilingual-MiniLM-L12-v2/e8f8c211226b894fcb81acc59f3b34ba3efd5f42/tokenizer_config.json "HTTP/1.1 200 OK"
2026-07-30 11:28:12,598 - INFO - HTTP Request: HEAD https://huggingface.co/sentence-transformers/paraphrase-multilingual-MiniLM-L12-v2/resolve/main/tokenizer_config.json "HTTP/1.1 307 Temporary Redirect"
2026-07-30 11:28:12,633 - INFO - HTTP Request: HEAD https://huggingface.co/api/resolve-cache/models/sentence-transformers/paraphrase-multilingual-MiniLM-L12-v2/e8f8c211226b894fcb81acc59f3b34ba3efd5f42/tokenizer_config.json "HTTP/1.1 200 OK"
2026-07-30 11:28:12,736 - INFO - HTTP Request: GET https://huggingface.co/api/models/sentence-transformers/paraphrase-multilingual-MiniLM-L12-v2/tree/main/additional_chat_templates?recursive=false&expand=false "HTTP/1.1 404 Not Found"
2026-07-30 11:28:12,880 - INFO - HTTP Request: GET https://huggingface.co/api/models/sentence-transformers/paraphrase-multilingual-MiniLM-L12-v2/tree/main?recursive=true&expand=false "HTTP/1.1 200 OK"
2026-07-30 11:28:15,756 - INFO - HTTP Request: GET https://huggingface.co/api/models/sentence-transformers/paraphrase-multilingual-MiniLM-L12-v2 "HTTP/1.1 200 OK"
2026-07-30 11:28:16,124 - INFO - HTTP Request: HEAD https://huggingface.co/sentence-transformers/paraphrase-multilingual-MiniLM-L12-v2/resolve/main/1_Pooling/config.json "HTTP/1.1 307 Temporary Redirect"
2026-07-30 11:28:16,156 - INFO - HTTP Request: HEAD https://huggingface.co/api/resolve-cache/models/sentence-transformers/paraphrase-multilingual-MiniLM-L12-v2/e8f8c211226b894fcb81acc59f3b34ba3efd5f42/1_Pooling%2Fconfig.json "HTTP/1.1 200 OK"
2026-07-30 11:28:16,240 - INFO - HTTP Request: GET https://huggingface.co/api/models/sentence-transformers/paraphrase-multilingual-MiniLM-L12-v2 "HTTP/1.1 200 OK"
2026-07-30 11:28:16,500 - INFO - Aplicación ejecutada correctamente
2026-07-30 11:28:29,091 - INFO - Iniciando aplicación UNSPSC DGCP Buscador
2026-07-30 11:28:29,095 - INFO - Índices creados/verificados correctamente
2026-07-30 11:28:29,097 - INFO - Tablas nuevas creadas/verificadas correctamente
2026-07-30 11:28:29,978 - INFO - Catálogo cargado: 16889 registros
2026-07-30 11:28:30,160 - INFO - Sinónimos cargados: 2413 términos
2026-07-30 11:28:30,169 - INFO - Equivalencias DIGEPRES cargadas: 3627 registros
2026-07-30 11:28:32,383 - INFO - HTTP Request: HEAD https://huggingface.co/sentence-transformers/paraphrase-multilingual-MiniLM-L12-v2/resolve/main/modules.json "HTTP/1.1 307 Temporary Redirect"
2026-07-30 11:28:32,417 - INFO - HTTP Request: HEAD https://huggingface.co/api/resolve-cache/models/sentence-transformers/paraphrase-multilingual-MiniLM-L12-v2/e8f8c211226b894fcb81acc59f3b34ba3efd5f42/modules.json "HTTP/1.1 200 OK"
2026-07-30 11:28:32,486 - INFO - HTTP Request: HEAD https://huggingface.co/sentence-transformers/paraphrase-multilingual-MiniLM-L12-v2/resolve/main/config_sentence_transformers.json "HTTP/1.1 307 Temporary Redirect"
2026-07-30 11:28:32,516 - INFO - HTTP Request: HEAD https://huggingface.co/api/resolve-cache/models/sentence-transformers/paraphrase-multilingual-MiniLM-L12-v2/e8f8c211226b894fcb81acc59f3b34ba3efd5f42/config_sentence_transformers.json "HTTP/1.1 200 OK"
2026-07-30 11:28:32,518 - INFO - Loading SentenceTransformer model from sentence-transformers/paraphrase-multilingual-MiniLM-L12-v2.
2026-07-30 11:28:32,584 - INFO - HTTP Request: HEAD https://huggingface.co/sentence-transformers/paraphrase-multilingual-MiniLM-L12-v2/resolve/main/config_sentence_transformers.json "HTTP/1.1 307 Temporary Redirect"
2026-07-30 11:28:32,613 - INFO - HTTP Request: HEAD https://huggingface.co/api/resolve-cache/models/sentence-transformers/paraphrase-multilingual-MiniLM-L12-v2/e8f8c211226b894fcb81acc59f3b34ba3efd5f42/config_sentence_transformers.json "HTTP/1.1 200 OK"
2026-07-30 11:28:32,696 - INFO - HTTP Request: HEAD https://huggingface.co/sentence-transformers/paraphrase-multilingual-MiniLM-L12-v2/resolve/main/README.md "HTTP/1.1 307 Temporary Redirect"
2026-07-30 11:28:32,725 - INFO - HTTP Request: HEAD https://huggingface.co/api/resolve-cache/models/sentence-transformers/paraphrase-multilingual-MiniLM-L12-v2/e8f8c211226b894fcb81acc59f3b34ba3efd5f42/README.md "HTTP/1.1 200 OK"
2026-07-30 11:28:32,795 - INFO - HTTP Request: HEAD https://huggingface.co/sentence-transformers/paraphrase-multilingual-MiniLM-L12-v2/resolve/main/modules.json "HTTP/1.1 307 Temporary Redirect"
2026-07-30 11:28:32,827 - INFO - HTTP Request: HEAD https://huggingface.co/api/resolve-cache/models/sentence-transformers/paraphrase-multilingual-MiniLM-L12-v2/e8f8c211226b894fcb81acc59f3b34ba3efd5f42/modules.json "HTTP/1.1 200 OK"
2026-07-30 11:28:32,899 - INFO - HTTP Request: HEAD https://huggingface.co/sentence-transformers/paraphrase-multilingual-MiniLM-L12-v2/resolve/main/sentence_bert_config.json "HTTP/1.1 307 Temporary Redirect"
2026-07-30 11:28:32,932 - INFO - HTTP Request: HEAD https://huggingface.co/api/resolve-cache/models/sentence-transformers/paraphrase-multilingual-MiniLM-L12-v2/e8f8c211226b894fcb81acc59f3b34ba3efd5f42/sentence_bert_config.json "HTTP/1.1 200 OK"
2026-07-30 11:28:33,048 - INFO - HTTP Request: HEAD https://huggingface.co/sentence-transformers/paraphrase-multilingual-MiniLM-L12-v2/resolve/main/adapter_config.json "HTTP/1.1 404 Not Found"
2026-07-30 11:28:33,125 - INFO - HTTP Request: HEAD https://huggingface.co/sentence-transformers/paraphrase-multilingual-MiniLM-L12-v2/resolve/main/config.json "HTTP/1.1 307 Temporary Redirect"
2026-07-30 11:28:33,160 - INFO - HTTP Request: HEAD https://huggingface.co/api/resolve-cache/models/sentence-transformers/paraphrase-multilingual-MiniLM-L12-v2/e8f8c211226b894fcb81acc59f3b34ba3efd5f42/config.json "HTTP/1.1 200 OK"
2026-07-30 11:28:33,352 - INFO - HTTP Request: HEAD https://huggingface.co/sentence-transformers/paraphrase-multilingual-MiniLM-L12-v2/resolve/main/processor_config.json "HTTP/1.1 404 Not Found"
2026-07-30 11:28:33,421 - INFO - HTTP Request: HEAD https://huggingface.co/sentence-transformers/paraphrase-multilingual-MiniLM-L12-v2/resolve/main/preprocessor_config.json "HTTP/1.1 404 Not Found"
2026-07-30 11:28:33,495 - INFO - HTTP Request: HEAD https://huggingface.co/sentence-transformers/paraphrase-multilingual-MiniLM-L12-v2/resolve/main/video_preprocessor_config.json "HTTP/1.1 404 Not Found"
2026-07-30 11:28:33,561 - INFO - HTTP Request: HEAD https://huggingface.co/sentence-transformers/paraphrase-multilingual-MiniLM-L12-v2/resolve/main/preprocessor_config.json "HTTP/1.1 404 Not Found"
2026-07-30 11:28:33,629 - INFO - HTTP Request: HEAD https://huggingface.co/sentence-transformers/paraphrase-multilingual-MiniLM-L12-v2/resolve/main/tokenizer_config.json "HTTP/1.1 307 Temporary Redirect"
2026-07-30 11:28:33,659 - INFO - HTTP Request: HEAD https://huggingface.co/api/resolve-cache/models/sentence-transformers/paraphrase-multilingual-MiniLM-L12-v2/e8f8c211226b894fcb81acc59f3b34ba3efd5f42/tokenizer_config.json "HTTP/1.1 200 OK"
2026-07-30 11:28:33,736 - INFO - HTTP Request: HEAD https://huggingface.co/sentence-transformers/paraphrase-multilingual-MiniLM-L12-v2/resolve/main/config.json "HTTP/1.1 307 Temporary Redirect"
2026-07-30 11:28:33,770 - INFO - HTTP Request: HEAD https://huggingface.co/api/resolve-cache/models/sentence-transformers/paraphrase-multilingual-MiniLM-L12-v2/e8f8c211226b894fcb81acc59f3b34ba3efd5f42/config.json "HTTP/1.1 200 OK"
2026-07-30 11:28:33,840 - INFO - HTTP Request: HEAD https://huggingface.co/sentence-transformers/paraphrase-multilingual-MiniLM-L12-v2/resolve/main/config.json "HTTP/1.1 307 Temporary Redirect"
2026-07-30 11:28:33,872 - INFO - HTTP Request: HEAD https://huggingface.co/api/resolve-cache/models/sentence-transformers/paraphrase-multilingual-MiniLM-L12-v2/e8f8c211226b894fcb81acc59f3b34ba3efd5f42/config.json "HTTP/1.1 200 OK"
2026-07-30 11:28:33,949 - INFO - HTTP Request: HEAD https://huggingface.co/sentence-transformers/paraphrase-multilingual-MiniLM-L12-v2/resolve/main/tokenizer_config.json "HTTP/1.1 307 Temporary Redirect"
2026-07-30 11:28:33,981 - INFO - HTTP Request: HEAD https://huggingface.co/api/resolve-cache/models/sentence-transformers/paraphrase-multilingual-MiniLM-L12-v2/e8f8c211226b894fcb81acc59f3b34ba3efd5f42/tokenizer_config.json "HTTP/1.1 200 OK"
2026-07-30 11:28:34,055 - INFO - HTTP Request: HEAD https://huggingface.co/sentence-transformers/paraphrase-multilingual-MiniLM-L12-v2/resolve/main/tokenizer_config.json "HTTP/1.1 307 Temporary Redirect"
2026-07-30 11:28:34,085 - INFO - HTTP Request: HEAD https://huggingface.co/api/resolve-cache/models/sentence-transformers/paraphrase-multilingual-MiniLM-L12-v2/e8f8c211226b894fcb81acc59f3b34ba3efd5f42/tokenizer_config.json "HTTP/1.1 200 OK"
2026-07-30 11:28:34,155 - INFO - HTTP Request: GET https://huggingface.co/api/models/sentence-transformers/paraphrase-multilingual-MiniLM-L12-v2/tree/main/additional_chat_templates?recursive=false&expand=false "HTTP/1.1 404 Not Found"
2026-07-30 11:28:34,227 - INFO - HTTP Request: GET https://huggingface.co/api/models/sentence-transformers/paraphrase-multilingual-MiniLM-L12-v2/tree/main?recursive=true&expand=false "HTTP/1.1 200 OK"
2026-07-30 11:28:36,149 - INFO - HTTP Request: GET https://huggingface.co/api/models/sentence-transformers/paraphrase-multilingual-MiniLM-L12-v2 "HTTP/1.1 200 OK"
2026-07-30 11:28:36,448 - INFO - HTTP Request: HEAD https://huggingface.co/sentence-transformers/paraphrase-multilingual-MiniLM-L12-v2/resolve/main/1_Pooling/config.json "HTTP/1.1 307 Temporary Redirect"
2026-07-30 11:28:36,477 - INFO - HTTP Request: HEAD https://huggingface.co/api/resolve-cache/models/sentence-transformers/paraphrase-multilingual-MiniLM-L12-v2/e8f8c211226b894fcb81acc59f3b34ba3efd5f42/1_Pooling%2Fconfig.json "HTTP/1.1 200 OK"
2026-07-30 11:28:36,545 - INFO - HTTP Request: GET https://huggingface.co/api/models/sentence-transformers/paraphrase-multilingual-MiniLM-L12-v2 "HTTP/1.1 200 OK"
2026-07-30 11:28:37,853 - INFO - Índices creados/verificados correctamente
2026-07-30 11:28:37,855 - INFO - Tablas nuevas creadas/verificadas correctamente
2026-07-30 11:28:37,873 - INFO - Índices creados/verificados correctamente
2026-07-30 11:28:37,875 - INFO - Tablas nuevas creadas/verificadas correctamente
2026-07-30 11:28:37,886 - INFO - Índices creados/verificados correctamente
2026-07-30 11:28:37,888 - INFO - Tablas nuevas creadas/verificadas correctamente
2026-07-30 11:28:37,901 - INFO - Índices creados/verificados correctamente
2026-07-30 11:28:37,902 - INFO - Tablas nuevas creadas/verificadas correctamente
2026-07-30 11:28:37,920 - INFO - Índices creados/verificados correctamente
2026-07-30 11:28:37,923 - INFO - Tablas nuevas creadas/verificadas correctamente
2026-07-30 11:28:37,934 - INFO - Índices creados/verificados correctamente
2026-07-30 11:28:37,936 - INFO - Tablas nuevas creadas/verificadas correctamente
2026-07-30 11:28:37,951 - INFO - Índices creados/verificados correctamente
2026-07-30 11:28:37,952 - INFO - Tablas nuevas creadas/verificadas correctamente
2026-07-30 11:28:37,967 - INFO - Índices creados/verificados correctamente
2026-07-30 11:28:37,969 - INFO - Tablas nuevas creadas/verificadas correctamente
2026-07-30 11:28:37,981 - INFO - Índices creados/verificados correctamente
2026-07-30 11:28:37,983 - INFO - Tablas nuevas creadas/verificadas correctamente
2026-07-30 11:28:37,997 - INFO - Índices creados/verificados correctamente
2026-07-30 11:28:37,998 - INFO - Tablas nuevas creadas/verificadas correctamente
2026-07-30 11:28:38,014 - INFO - Índices creados/verificados correctamente
2026-07-30 11:28:38,016 - INFO - Tablas nuevas creadas/verificadas correctamente
2026-07-30 11:28:38,027 - INFO - Índices creados/verificados correctamente
2026-07-30 11:28:38,029 - INFO - Tablas nuevas creadas/verificadas correctamente
2026-07-30 11:28:38,045 - INFO - Índices creados/verificados correctamente
2026-07-30 11:28:38,046 - INFO - Tablas nuevas creadas/verificadas correctamente
2026-07-30 11:28:38,066 - INFO - Índices creados/verificados correctamente
2026-07-30 11:28:38,068 - INFO - Tablas nuevas creadas/verificadas correctamente
2026-07-30 11:28:38,081 - INFO - Índices creados/verificados correctamente
2026-07-30 11:28:38,083 - INFO - Tablas nuevas creadas/verificadas correctamente
2026-07-30 11:28:38,098 - INFO - Índices creados/verificados correctamente
2026-07-30 11:28:38,100 - INFO - Tablas nuevas creadas/verificadas correctamente
2026-07-30 11:28:38,115 - INFO - Índices creados/verificados correctamente
2026-07-30 11:28:38,116 - INFO - Tablas nuevas creadas/verificadas correctamente
2026-07-30 11:28:38,131 - INFO - Índices creados/verificados correctamente
2026-07-30 11:28:38,133 - INFO - Tablas nuevas creadas/verificadas correctamente
2026-07-30 11:28:38,148 - INFO - Índices creados/verificados correctamente
2026-07-30 11:28:38,149 - INFO - Tablas nuevas creadas/verificadas correctamente
2026-07-30 11:28:38,164 - INFO - Índices creados/verificados correctamente
2026-07-30 11:28:38,176 - INFO - Tablas nuevas creadas/verificadas correctamente
2026-07-30 11:28:38,203 - INFO - Aplicación ejecutada correctamente
2026-07-30 11:28:41,105 - INFO - Iniciando aplicación UNSPSC DGCP Buscador
2026-07-30 11:28:41,108 - INFO - Índices creados/verificados correctamente
2026-07-30 11:28:41,110 - INFO - Tablas nuevas creadas/verificadas correctamente
2026-07-30 11:28:41,965 - INFO - Catálogo cargado: 16889 registros
2026-07-30 11:28:42,152 - INFO - Sinónimos cargados: 2413 términos
2026-07-30 11:28:42,164 - INFO - Equivalencias DIGEPRES cargadas: 3627 registros
2026-07-30 11:28:44,318 - INFO - HTTP Request: HEAD https://huggingface.co/sentence-transformers/paraphrase-multilingual-MiniLM-L12-v2/resolve/main/modules.json "HTTP/1.1 307 Temporary Redirect"
2026-07-30 11:28:44,354 - INFO - HTTP Request: HEAD https://huggingface.co/api/resolve-cache/models/sentence-transformers/paraphrase-multilingual-MiniLM-L12-v2/e8f8c211226b894fcb81acc59f3b34ba3efd5f42/modules.json "HTTP/1.1 200 OK"
2026-07-30 11:28:44,422 - INFO - HTTP Request: HEAD https://huggingface.co/sentence-transformers/paraphrase-multilingual-MiniLM-L12-v2/resolve/main/config_sentence_transformers.json "HTTP/1.1 307 Temporary Redirect"
2026-07-30 11:28:44,456 - INFO - HTTP Request: HEAD https://huggingface.co/api/resolve-cache/models/sentence-transformers/paraphrase-multilingual-MiniLM-L12-v2/e8f8c211226b894fcb81acc59f3b34ba3efd5f42/config_sentence_transformers.json "HTTP/1.1 200 OK"
2026-07-30 11:28:44,457 - INFO - Loading SentenceTransformer model from sentence-transformers/paraphrase-multilingual-MiniLM-L12-v2.
2026-07-30 11:28:44,562 - INFO - HTTP Request: HEAD https://huggingface.co/sentence-transformers/paraphrase-multilingual-MiniLM-L12-v2/resolve/main/config_sentence_transformers.json "HTTP/1.1 307 Temporary Redirect"
2026-07-30 11:28:44,595 - INFO - HTTP Request: HEAD https://huggingface.co/api/resolve-cache/models/sentence-transformers/paraphrase-multilingual-MiniLM-L12-v2/e8f8c211226b894fcb81acc59f3b34ba3efd5f42/config_sentence_transformers.json "HTTP/1.1 200 OK"
2026-07-30 11:28:44,663 - INFO - HTTP Request: HEAD https://huggingface.co/sentence-transformers/paraphrase-multilingual-MiniLM-L12-v2/resolve/main/README.md "HTTP/1.1 307 Temporary Redirect"
2026-07-30 11:28:44,696 - INFO - HTTP Request: HEAD https://huggingface.co/api/resolve-cache/models/sentence-transformers/paraphrase-multilingual-MiniLM-L12-v2/e8f8c211226b894fcb81acc59f3b34ba3efd5f42/README.md "HTTP/1.1 200 OK"
2026-07-30 11:28:44,767 - INFO - HTTP Request: HEAD https://huggingface.co/sentence-transformers/paraphrase-multilingual-MiniLM-L12-v2/resolve/main/modules.json "HTTP/1.1 307 Temporary Redirect"
2026-07-30 11:28:44,803 - INFO - HTTP Request: HEAD https://huggingface.co/api/resolve-cache/models/sentence-transformers/paraphrase-multilingual-MiniLM-L12-v2/e8f8c211226b894fcb81acc59f3b34ba3efd5f42/modules.json "HTTP/1.1 200 OK"
2026-07-30 11:28:44,876 - INFO - HTTP Request: HEAD https://huggingface.co/sentence-transformers/paraphrase-multilingual-MiniLM-L12-v2/resolve/main/sentence_bert_config.json "HTTP/1.1 307 Temporary Redirect"
2026-07-30 11:28:44,910 - INFO - HTTP Request: HEAD https://huggingface.co/api/resolve-cache/models/sentence-transformers/paraphrase-multilingual-MiniLM-L12-v2/e8f8c211226b894fcb81acc59f3b34ba3efd5f42/sentence_bert_config.json "HTTP/1.1 200 OK"
2026-07-30 11:28:45,022 - INFO - HTTP Request: HEAD https://huggingface.co/sentence-transformers/paraphrase-multilingual-MiniLM-L12-v2/resolve/main/adapter_config.json "HTTP/1.1 404 Not Found"
2026-07-30 11:28:45,098 - INFO - HTTP Request: HEAD https://huggingface.co/sentence-transformers/paraphrase-multilingual-MiniLM-L12-v2/resolve/main/config.json "HTTP/1.1 307 Temporary Redirect"
2026-07-30 11:28:45,134 - INFO - HTTP Request: HEAD https://huggingface.co/api/resolve-cache/models/sentence-transformers/paraphrase-multilingual-MiniLM-L12-v2/e8f8c211226b894fcb81acc59f3b34ba3efd5f42/config.json "HTTP/1.1 200 OK"
2026-07-30 11:28:45,311 - INFO - HTTP Request: HEAD https://huggingface.co/sentence-transformers/paraphrase-multilingual-MiniLM-L12-v2/resolve/main/processor_config.json "HTTP/1.1 404 Not Found"
2026-07-30 11:28:45,381 - INFO - HTTP Request: HEAD https://huggingface.co/sentence-transformers/paraphrase-multilingual-MiniLM-L12-v2/resolve/main/preprocessor_config.json "HTTP/1.1 404 Not Found"
2026-07-30 11:28:45,451 - INFO - HTTP Request: HEAD https://huggingface.co/sentence-transformers/paraphrase-multilingual-MiniLM-L12-v2/resolve/main/video_preprocessor_config.json "HTTP/1.1 404 Not Found"
2026-07-30 11:28:45,607 - INFO - HTTP Request: HEAD https://huggingface.co/sentence-transformers/paraphrase-multilingual-MiniLM-L12-v2/resolve/main/preprocessor_config.json "HTTP/1.1 404 Not Found"
2026-07-30 11:28:45,677 - INFO - HTTP Request: HEAD https://huggingface.co/sentence-transformers/paraphrase-multilingual-MiniLM-L12-v2/resolve/main/tokenizer_config.json "HTTP/1.1 307 Temporary Redirect"
2026-07-30 11:28:45,712 - INFO - HTTP Request: HEAD https://huggingface.co/api/resolve-cache/models/sentence-transformers/paraphrase-multilingual-MiniLM-L12-v2/e8f8c211226b894fcb81acc59f3b34ba3efd5f42/tokenizer_config.json "HTTP/1.1 200 OK"
2026-07-30 11:28:45,781 - INFO - HTTP Request: HEAD https://huggingface.co/sentence-transformers/paraphrase-multilingual-MiniLM-L12-v2/resolve/main/config.json "HTTP/1.1 307 Temporary Redirect"
2026-07-30 11:28:45,814 - INFO - HTTP Request: HEAD https://huggingface.co/api/resolve-cache/models/sentence-transformers/paraphrase-multilingual-MiniLM-L12-v2/e8f8c211226b894fcb81acc59f3b34ba3efd5f42/config.json "HTTP/1.1 200 OK"
2026-07-30 11:28:45,883 - INFO - HTTP Request: HEAD https://huggingface.co/sentence-transformers/paraphrase-multilingual-MiniLM-L12-v2/resolve/main/config.json "HTTP/1.1 307 Temporary Redirect"
2026-07-30 11:28:45,916 - INFO - HTTP Request: HEAD https://huggingface.co/api/resolve-cache/models/sentence-transformers/paraphrase-multilingual-MiniLM-L12-v2/e8f8c211226b894fcb81acc59f3b34ba3efd5f42/config.json "HTTP/1.1 200 OK"
2026-07-30 11:28:45,996 - INFO - HTTP Request: HEAD https://huggingface.co/sentence-transformers/paraphrase-multilingual-MiniLM-L12-v2/resolve/main/tokenizer_config.json "HTTP/1.1 307 Temporary Redirect"
2026-07-30 11:28:46,032 - INFO - HTTP Request: HEAD https://huggingface.co/api/resolve-cache/models/sentence-transformers/paraphrase-multilingual-MiniLM-L12-v2/e8f8c211226b894fcb81acc59f3b34ba3efd5f42/tokenizer_config.json "HTTP/1.1 200 OK"
2026-07-30 11:28:46,108 - INFO - HTTP Request: HEAD https://huggingface.co/sentence-transformers/paraphrase-multilingual-MiniLM-L12-v2/resolve/main/tokenizer_config.json "HTTP/1.1 307 Temporary Redirect"
2026-07-30 11:28:46,145 - INFO - HTTP Request: HEAD https://huggingface.co/api/resolve-cache/models/sentence-transformers/paraphrase-multilingual-MiniLM-L12-v2/e8f8c211226b894fcb81acc59f3b34ba3efd5f42/tokenizer_config.json "HTTP/1.1 200 OK"
2026-07-30 11:28:46,295 - INFO - HTTP Request: GET https://huggingface.co/api/models/sentence-transformers/paraphrase-multilingual-MiniLM-L12-v2/tree/main/additional_chat_templates?recursive=false&expand=false "HTTP/1.1 404 Not Found"
2026-07-30 11:28:46,372 - INFO - HTTP Request: GET https://huggingface.co/api/models/sentence-transformers/paraphrase-multilingual-MiniLM-L12-v2/tree/main?recursive=true&expand=false "HTTP/1.1 200 OK"
2026-07-30 11:28:48,182 - INFO - HTTP Request: GET https://huggingface.co/api/models/sentence-transformers/paraphrase-multilingual-MiniLM-L12-v2 "HTTP/1.1 200 OK"
2026-07-30 11:28:48,475 - INFO - HTTP Request: HEAD https://huggingface.co/sentence-transformers/paraphrase-multilingual-MiniLM-L12-v2/resolve/main/1_Pooling/config.json "HTTP/1.1 307 Temporary Redirect"
2026-07-30 11:28:48,509 - INFO - HTTP Request: HEAD https://huggingface.co/api/resolve-cache/models/sentence-transformers/paraphrase-multilingual-MiniLM-L12-v2/e8f8c211226b894fcb81acc59f3b34ba3efd5f42/1_Pooling%2Fconfig.json "HTTP/1.1 200 OK"
2026-07-30 11:28:48,579 - INFO - HTTP Request: GET https://huggingface.co/api/models/sentence-transformers/paraphrase-multilingual-MiniLM-L12-v2 "HTTP/1.1 200 OK"
2026-07-30 11:28:48,706 - INFO - Índices creados/verificados correctamente
2026-07-30 11:28:48,708 - INFO - Tablas nuevas creadas/verificadas correctamente
2026-07-30 11:28:48,718 - INFO - Índices creados/verificados correctamente
2026-07-30 11:28:48,719 - INFO - Tablas nuevas creadas/verificadas correctamente
2026-07-30 11:28:48,730 - INFO - Índices creados/verificados correctamente
2026-07-30 11:28:48,731 - INFO - Tablas nuevas creadas/verificadas correctamente
2026-07-30 11:28:48,745 - INFO - Índices creados/verificados correctamente
2026-07-30 11:28:48,746 - INFO - Tablas nuevas creadas/verificadas correctamente
2026-07-30 11:28:48,756 - INFO - Índices creados/verificados correctamente
2026-07-30 11:28:48,758 - INFO - Tablas nuevas creadas/verificadas correctamente
2026-07-30 11:28:48,769 - INFO - Índices creados/verificados correctamente
2026-07-30 11:28:48,770 - INFO - Tablas nuevas creadas/verificadas correctamente
2026-07-30 11:28:48,780 - INFO - Índices creados/verificados correctamente
2026-07-30 11:28:48,782 - INFO - Tablas nuevas creadas/verificadas correctamente
2026-07-30 11:28:48,792 - INFO - Índices creados/verificados correctamente
2026-07-30 11:28:48,793 - INFO - Tablas nuevas creadas/verificadas correctamente
2026-07-30 11:28:48,803 - INFO - Índices creados/verificados correctamente
2026-07-30 11:28:48,805 - INFO - Tablas nuevas creadas/verificadas correctamente
2026-07-30 11:28:48,814 - INFO - Índices creados/verificados correctamente
2026-07-30 11:28:48,816 - INFO - Tablas nuevas creadas/verificadas correctamente
2026-07-30 11:28:48,826 - INFO - Índices creados/verificados correctamente
2026-07-30 11:28:48,828 - INFO - Tablas nuevas creadas/verificadas correctamente
2026-07-30 11:28:48,841 - INFO - Índices creados/verificados correctamente
2026-07-30 11:28:48,843 - INFO - Tablas nuevas creadas/verificadas correctamente
2026-07-30 11:28:48,852 - INFO - Índices creados/verificados correctamente
2026-07-30 11:28:48,854 - INFO - Tablas nuevas creadas/verificadas correctamente
2026-07-30 11:28:48,865 - INFO - Índices creados/verificados correctamente
2026-07-30 11:28:48,867 - INFO - Tablas nuevas creadas/verificadas correctamente
2026-07-30 11:28:48,917 - INFO - Índices creados/verificados correctamente
2026-07-30 11:28:48,919 - INFO - Tablas nuevas creadas/verificadas correctamente
2026-07-30 11:28:48,934 - INFO - Índices creados/verificados correctamente
2026-07-30 11:28:48,937 - INFO - Tablas nuevas creadas/verificadas correctamente
2026-07-30 11:28:48,951 - INFO - Índices creados/verificados correctamente
2026-07-30 11:28:48,952 - INFO - Tablas nuevas creadas/verificadas correctamente
2026-07-30 11:28:48,964 - INFO - Índices creados/verificados correctamente
2026-07-30 11:28:48,965 - INFO - Tablas nuevas creadas/verificadas correctamente
2026-07-30 11:28:48,977 - INFO - Índices creados/verificados correctamente
2026-07-30 11:28:48,978 - INFO - Tablas nuevas creadas/verificadas correctamente
2026-07-30 11:28:48,988 - INFO - Índices creados/verificados correctamente
2026-07-30 11:28:48,990 - INFO - Tablas nuevas creadas/verificadas correctamente
2026-07-30 11:28:49,000 - INFO - Aplicación ejecutada correctamente
2026-07-30 11:29:18,802 - INFO - Iniciando aplicación UNSPSC DGCP Buscador
2026-07-30 11:29:18,809 - INFO - Índices creados/verificados correctamente
2026-07-30 11:29:18,811 - INFO - Tablas nuevas creadas/verificadas correctamente
2026-07-30 11:29:19,734 - INFO - Catálogo cargado: 16889 registros
2026-07-30 11:29:19,931 - INFO - Sinónimos cargados: 2413 términos
2026-07-30 11:29:19,949 - INFO - Equivalencias DIGEPRES cargadas: 3627 registros
2026-07-30 11:29:22,402 - INFO - HTTP Request: HEAD https://huggingface.co/sentence-transformers/paraphrase-multilingual-MiniLM-L12-v2/resolve/main/modules.json "HTTP/1.1 307 Temporary Redirect"
2026-07-30 11:29:22,439 - INFO - HTTP Request: HEAD https://huggingface.co/api/resolve-cache/models/sentence-transformers/paraphrase-multilingual-MiniLM-L12-v2/e8f8c211226b894fcb81acc59f3b34ba3efd5f42/modules.json "HTTP/1.1 200 OK"
2026-07-30 11:29:22,513 - INFO - HTTP Request: HEAD https://huggingface.co/sentence-transformers/paraphrase-multilingual-MiniLM-L12-v2/resolve/main/config_sentence_transformers.json "HTTP/1.1 307 Temporary Redirect"
2026-07-30 11:29:22,546 - INFO - HTTP Request: HEAD https://huggingface.co/api/resolve-cache/models/sentence-transformers/paraphrase-multilingual-MiniLM-L12-v2/e8f8c211226b894fcb81acc59f3b34ba3efd5f42/config_sentence_transformers.json "HTTP/1.1 200 OK"
2026-07-30 11:29:22,552 - INFO - Loading SentenceTransformer model from sentence-transformers/paraphrase-multilingual-MiniLM-L12-v2.
2026-07-30 11:29:22,643 - INFO - HTTP Request: HEAD https://huggingface.co/sentence-transformers/paraphrase-multilingual-MiniLM-L12-v2/resolve/main/config_sentence_transformers.json "HTTP/1.1 307 Temporary Redirect"
2026-07-30 11:29:22,679 - INFO - HTTP Request: HEAD https://huggingface.co/api/resolve-cache/models/sentence-transformers/paraphrase-multilingual-MiniLM-L12-v2/e8f8c211226b894fcb81acc59f3b34ba3efd5f42/config_sentence_transformers.json "HTTP/1.1 200 OK"
2026-07-30 11:29:22,831 - INFO - HTTP Request: HEAD https://huggingface.co/sentence-transformers/paraphrase-multilingual-MiniLM-L12-v2/resolve/main/README.md "HTTP/1.1 307 Temporary Redirect"
2026-07-30 11:29:22,866 - INFO - HTTP Request: HEAD https://huggingface.co/api/resolve-cache/models/sentence-transformers/paraphrase-multilingual-MiniLM-L12-v2/e8f8c211226b894fcb81acc59f3b34ba3efd5f42/README.md "HTTP/1.1 200 OK"
2026-07-30 11:29:22,933 - INFO - HTTP Request: HEAD https://huggingface.co/sentence-transformers/paraphrase-multilingual-MiniLM-L12-v2/resolve/main/modules.json "HTTP/1.1 307 Temporary Redirect"
2026-07-30 11:29:22,971 - INFO - HTTP Request: HEAD https://huggingface.co/api/resolve-cache/models/sentence-transformers/paraphrase-multilingual-MiniLM-L12-v2/e8f8c211226b894fcb81acc59f3b34ba3efd5f42/modules.json "HTTP/1.1 200 OK"
2026-07-30 11:29:23,042 - INFO - HTTP Request: HEAD https://huggingface.co/sentence-transformers/paraphrase-multilingual-MiniLM-L12-v2/resolve/main/sentence_bert_config.json "HTTP/1.1 307 Temporary Redirect"
2026-07-30 11:29:23,077 - INFO - HTTP Request: HEAD https://huggingface.co/api/resolve-cache/models/sentence-transformers/paraphrase-multilingual-MiniLM-L12-v2/e8f8c211226b894fcb81acc59f3b34ba3efd5f42/sentence_bert_config.json "HTTP/1.1 200 OK"
2026-07-30 11:29:23,147 - INFO - HTTP Request: HEAD https://huggingface.co/sentence-transformers/paraphrase-multilingual-MiniLM-L12-v2/resolve/main/adapter_config.json "HTTP/1.1 404 Not Found"
2026-07-30 11:29:23,214 - INFO - HTTP Request: HEAD https://huggingface.co/sentence-transformers/paraphrase-multilingual-MiniLM-L12-v2/resolve/main/config.json "HTTP/1.1 307 Temporary Redirect"
2026-07-30 11:29:23,250 - INFO - HTTP Request: HEAD https://huggingface.co/api/resolve-cache/models/sentence-transformers/paraphrase-multilingual-MiniLM-L12-v2/e8f8c211226b894fcb81acc59f3b34ba3efd5f42/config.json "HTTP/1.1 200 OK"
2026-07-30 11:29:23,441 - INFO - HTTP Request: HEAD https://huggingface.co/sentence-transformers/paraphrase-multilingual-MiniLM-L12-v2/resolve/main/processor_config.json "HTTP/1.1 404 Not Found"
2026-07-30 11:29:23,511 - INFO - HTTP Request: HEAD https://huggingface.co/sentence-transformers/paraphrase-multilingual-MiniLM-L12-v2/resolve/main/preprocessor_config.json "HTTP/1.1 404 Not Found"
2026-07-30 11:29:23,581 - INFO - HTTP Request: HEAD https://huggingface.co/sentence-transformers/paraphrase-multilingual-MiniLM-L12-v2/resolve/main/video_preprocessor_config.json "HTTP/1.1 404 Not Found"
2026-07-30 11:29:23,655 - INFO - HTTP Request: HEAD https://huggingface.co/sentence-transformers/paraphrase-multilingual-MiniLM-L12-v2/resolve/main/preprocessor_config.json "HTTP/1.1 404 Not Found"
2026-07-30 11:29:23,742 - INFO - HTTP Request: HEAD https://huggingface.co/sentence-transformers/paraphrase-multilingual-MiniLM-L12-v2/resolve/main/tokenizer_config.json "HTTP/1.1 307 Temporary Redirect"
2026-07-30 11:29:23,775 - INFO - HTTP Request: HEAD https://huggingface.co/api/resolve-cache/models/sentence-transformers/paraphrase-multilingual-MiniLM-L12-v2/e8f8c211226b894fcb81acc59f3b34ba3efd5f42/tokenizer_config.json "HTTP/1.1 200 OK"
2026-07-30 11:29:23,842 - INFO - HTTP Request: HEAD https://huggingface.co/sentence-transformers/paraphrase-multilingual-MiniLM-L12-v2/resolve/main/config.json "HTTP/1.1 307 Temporary Redirect"
2026-07-30 11:29:23,877 - INFO - HTTP Request: HEAD https://huggingface.co/api/resolve-cache/models/sentence-transformers/paraphrase-multilingual-MiniLM-L12-v2/e8f8c211226b894fcb81acc59f3b34ba3efd5f42/config.json "HTTP/1.1 200 OK"
2026-07-30 11:29:23,961 - INFO - HTTP Request: HEAD https://huggingface.co/sentence-transformers/paraphrase-multilingual-MiniLM-L12-v2/resolve/main/config.json "HTTP/1.1 307 Temporary Redirect"
2026-07-30 11:29:23,998 - INFO - HTTP Request: HEAD https://huggingface.co/api/resolve-cache/models/sentence-transformers/paraphrase-multilingual-MiniLM-L12-v2/e8f8c211226b894fcb81acc59f3b34ba3efd5f42/config.json "HTTP/1.1 200 OK"
2026-07-30 11:29:24,082 - INFO - HTTP Request: HEAD https://huggingface.co/sentence-transformers/paraphrase-multilingual-MiniLM-L12-v2/resolve/main/tokenizer_config.json "HTTP/1.1 307 Temporary Redirect"
2026-07-30 11:29:24,119 - INFO - HTTP Request: HEAD https://huggingface.co/api/resolve-cache/models/sentence-transformers/paraphrase-multilingual-MiniLM-L12-v2/e8f8c211226b894fcb81acc59f3b34ba3efd5f42/tokenizer_config.json "HTTP/1.1 200 OK"
2026-07-30 11:29:24,204 - INFO - HTTP Request: HEAD https://huggingface.co/sentence-transformers/paraphrase-multilingual-MiniLM-L12-v2/resolve/main/tokenizer_config.json "HTTP/1.1 307 Temporary Redirect"
2026-07-30 11:29:24,240 - INFO - HTTP Request: HEAD https://huggingface.co/api/resolve-cache/models/sentence-transformers/paraphrase-multilingual-MiniLM-L12-v2/e8f8c211226b894fcb81acc59f3b34ba3efd5f42/tokenizer_config.json "HTTP/1.1 200 OK"
2026-07-30 11:29:24,313 - INFO - HTTP Request: GET https://huggingface.co/api/models/sentence-transformers/paraphrase-multilingual-MiniLM-L12-v2/tree/main/additional_chat_templates?recursive=false&expand=false "HTTP/1.1 404 Not Found"
2026-07-30 11:29:24,385 - INFO - HTTP Request: GET https://huggingface.co/api/models/sentence-transformers/paraphrase-multilingual-MiniLM-L12-v2/tree/main?recursive=true&expand=false "HTTP/1.1 200 OK"
2026-07-30 11:29:26,015 - INFO - HTTP Request: GET https://huggingface.co/api/models/sentence-transformers/paraphrase-multilingual-MiniLM-L12-v2 "HTTP/1.1 200 OK"
2026-07-30 11:29:26,255 - INFO - HTTP Request: HEAD https://huggingface.co/sentence-transformers/paraphrase-multilingual-MiniLM-L12-v2/resolve/main/1_Pooling/config.json "HTTP/1.1 307 Temporary Redirect"
2026-07-30 11:29:26,288 - INFO - HTTP Request: HEAD https://huggingface.co/api/resolve-cache/models/sentence-transformers/paraphrase-multilingual-MiniLM-L12-v2/e8f8c211226b894fcb81acc59f3b34ba3efd5f42/1_Pooling%2Fconfig.json "HTTP/1.1 200 OK"
2026-07-30 11:29:26,367 - INFO - HTTP Request: GET https://huggingface.co/api/models/sentence-transformers/paraphrase-multilingual-MiniLM-L12-v2 "HTTP/1.1 200 OK"
2026-07-30 11:29:26,481 - INFO - Índices creados/verificados correctamente
2026-07-30 11:29:26,482 - INFO - Tablas nuevas creadas/verificadas correctamente
2026-07-30 11:29:26,494 - INFO - Índices creados/verificados correctamente
2026-07-30 11:29:26,495 - INFO - Tablas nuevas creadas/verificadas correctamente
2026-07-30 11:29:26,513 - INFO - Índices creados/verificados correctamente
2026-07-30 11:29:26,514 - INFO - Tablas nuevas creadas/verificadas correctamente
2026-07-30 11:29:26,529 - INFO - Índices creados/verificados correctamente
2026-07-30 11:29:26,531 - INFO - Tablas nuevas creadas/verificadas correctamente
2026-07-30 11:29:26,546 - INFO - Índices creados/verificados correctamente
2026-07-30 11:29:26,548 - INFO - Tablas nuevas creadas/verificadas correctamente
2026-07-30 11:29:26,559 - INFO - Índices creados/verificados correctamente
2026-07-30 11:29:26,561 - INFO - Tablas nuevas creadas/verificadas correctamente
2026-07-30 11:29:26,570 - INFO - Índices creados/verificados correctamente
2026-07-30 11:29:26,572 - INFO - Tablas nuevas creadas/verificadas correctamente
2026-07-30 11:29:26,582 - INFO - Índices creados/verificados correctamente
2026-07-30 11:29:26,583 - INFO - Tablas nuevas creadas/verificadas correctamente
2026-07-30 11:29:26,596 - INFO - Índices creados/verificados correctamente
2026-07-30 11:29:26,597 - INFO - Tablas nuevas creadas/verificadas correctamente
2026-07-30 11:29:26,610 - INFO - Índices creados/verificados correctamente
2026-07-30 11:29:26,611 - INFO - Tablas nuevas creadas/verificadas correctamente
2026-07-30 11:29:26,620 - INFO - Índices creados/verificados correctamente
2026-07-30 11:29:26,623 - INFO - Tablas nuevas creadas/verificadas correctamente
2026-07-30 11:29:26,640 - INFO - Índices creados/verificados correctamente
2026-07-30 11:29:26,642 - INFO - Tablas nuevas creadas/verificadas correctamente
2026-07-30 11:29:26,652 - INFO - Índices creados/verificados correctamente
2026-07-30 11:29:26,654 - INFO - Tablas nuevas creadas/verificadas correctamente
2026-07-30 11:29:26,667 - INFO - Índices creados/verificados correctamente
2026-07-30 11:29:26,669 - INFO - Tablas nuevas creadas/verificadas correctamente
2026-07-30 11:29:26,684 - INFO - Índices creados/verificados correctamente
2026-07-30 11:29:26,686 - INFO - Tablas nuevas creadas/verificadas correctamente
2026-07-30 11:29:26,705 - INFO - Índices creados/verificados correctamente
2026-07-30 11:29:26,709 - INFO - Tablas nuevas creadas/verificadas correctamente
2026-07-30 11:29:26,722 - INFO - Índices creados/verificados correctamente
2026-07-30 11:29:26,724 - INFO - Tablas nuevas creadas/verificadas correctamente
2026-07-30 11:29:26,735 - INFO - Índices creados/verificados correctamente
2026-07-30 11:29:26,737 - INFO - Tablas nuevas creadas/verificadas correctamente
2026-07-30 11:29:26,749 - INFO - Índices creados/verificados correctamente
2026-07-30 11:29:26,750 - INFO - Tablas nuevas creadas/verificadas correctamente
2026-07-30 11:29:26,771 - INFO - Índices creados/verificados correctamente
2026-07-30 11:29:26,774 - INFO - Tablas nuevas creadas/verificadas correctamente
2026-07-30 11:29:26,797 - INFO - Aplicación ejecutada correctamente
2026-07-30 11:30:21,779 - INFO - Iniciando aplicación UNSPSC DGCP Buscador
2026-07-30 11:30:21,783 - INFO - Índices creados/verificados correctamente
2026-07-30 11:30:21,785 - INFO - Tablas nuevas creadas/verificadas correctamente
2026-07-30 11:30:22,680 - INFO - Catálogo cargado: 16889 registros
2026-07-30 11:30:22,868 - INFO - Sinónimos cargados: 2413 términos
2026-07-30 11:30:22,882 - INFO - Equivalencias DIGEPRES cargadas: 3627 registros
2026-07-30 11:30:25,141 - INFO - HTTP Request: HEAD https://huggingface.co/sentence-transformers/paraphrase-multilingual-MiniLM-L12-v2/resolve/main/modules.json "HTTP/1.1 307 Temporary Redirect"
2026-07-30 11:30:25,178 - INFO - HTTP Request: HEAD https://huggingface.co/api/resolve-cache/models/sentence-transformers/paraphrase-multilingual-MiniLM-L12-v2/e8f8c211226b894fcb81acc59f3b34ba3efd5f42/modules.json "HTTP/1.1 200 OK"
2026-07-30 11:30:25,285 - INFO - HTTP Request: HEAD https://huggingface.co/sentence-transformers/paraphrase-multilingual-MiniLM-L12-v2/resolve/main/config_sentence_transformers.json "HTTP/1.1 307 Temporary Redirect"
2026-07-30 11:30:25,363 - INFO - HTTP Request: HEAD https://huggingface.co/api/resolve-cache/models/sentence-transformers/paraphrase-multilingual-MiniLM-L12-v2/e8f8c211226b894fcb81acc59f3b34ba3efd5f42/config_sentence_transformers.json "HTTP/1.1 200 OK"
2026-07-30 11:30:25,369 - INFO - Loading SentenceTransformer model from sentence-transformers/paraphrase-multilingual-MiniLM-L12-v2.
2026-07-30 11:30:25,463 - INFO - HTTP Request: HEAD https://huggingface.co/sentence-transformers/paraphrase-multilingual-MiniLM-L12-v2/resolve/main/config_sentence_transformers.json "HTTP/1.1 307 Temporary Redirect"
2026-07-30 11:30:25,519 - INFO - HTTP Request: HEAD https://huggingface.co/api/resolve-cache/models/sentence-transformers/paraphrase-multilingual-MiniLM-L12-v2/e8f8c211226b894fcb81acc59f3b34ba3efd5f42/config_sentence_transformers.json "HTTP/1.1 200 OK"
2026-07-30 11:30:25,620 - INFO - HTTP Request: HEAD https://huggingface.co/sentence-transformers/paraphrase-multilingual-MiniLM-L12-v2/resolve/main/README.md "HTTP/1.1 307 Temporary Redirect"
2026-07-30 11:30:25,687 - INFO - HTTP Request: HEAD https://huggingface.co/api/resolve-cache/models/sentence-transformers/paraphrase-multilingual-MiniLM-L12-v2/e8f8c211226b894fcb81acc59f3b34ba3efd5f42/README.md "HTTP/1.1 200 OK"
2026-07-30 11:30:25,809 - INFO - HTTP Request: HEAD https://huggingface.co/sentence-transformers/paraphrase-multilingual-MiniLM-L12-v2/resolve/main/modules.json "HTTP/1.1 307 Temporary Redirect"
2026-07-30 11:30:25,895 - INFO - HTTP Request: HEAD https://huggingface.co/api/resolve-cache/models/sentence-transformers/paraphrase-multilingual-MiniLM-L12-v2/e8f8c211226b894fcb81acc59f3b34ba3efd5f42/modules.json "HTTP/1.1 200 OK"
2026-07-30 11:30:25,962 - INFO - Iniciando aplicación UNSPSC DGCP Buscador
2026-07-30 11:30:25,966 - INFO - Índices creados/verificados correctamente
2026-07-30 11:30:25,967 - INFO - Tablas nuevas creadas/verificadas correctamente
2026-07-30 11:30:26,022 - INFO - HTTP Request: HEAD https://huggingface.co/sentence-transformers/paraphrase-multilingual-MiniLM-L12-v2/resolve/main/sentence_bert_config.json "HTTP/1.1 307 Temporary Redirect"
2026-07-30 11:30:26,117 - INFO - HTTP Request: HEAD https://huggingface.co/api/resolve-cache/models/sentence-transformers/paraphrase-multilingual-MiniLM-L12-v2/e8f8c211226b894fcb81acc59f3b34ba3efd5f42/sentence_bert_config.json "HTTP/1.1 200 OK"
2026-07-30 11:30:26,448 - INFO - HTTP Request: HEAD https://huggingface.co/sentence-transformers/paraphrase-multilingual-MiniLM-L12-v2/resolve/main/adapter_config.json "HTTP/1.1 404 Not Found"
2026-07-30 11:30:26,816 - INFO - Catálogo cargado: 16889 registros
2026-07-30 11:30:26,817 - INFO - HTTP Request: HEAD https://huggingface.co/sentence-transformers/paraphrase-multilingual-MiniLM-L12-v2/resolve/main/config.json "HTTP/1.1 307 Temporary Redirect"
2026-07-30 11:30:26,886 - INFO - HTTP Request: HEAD https://huggingface.co/api/resolve-cache/models/sentence-transformers/paraphrase-multilingual-MiniLM-L12-v2/e8f8c211226b894fcb81acc59f3b34ba3efd5f42/config.json "HTTP/1.1 200 OK"
2026-07-30 11:30:27,009 - INFO - Sinónimos cargados: 2413 términos
2026-07-30 11:30:27,143 - INFO - Equivalencias DIGEPRES cargadas: 3627 registros
2026-07-30 11:30:27,223 - INFO - HTTP Request: HEAD https://huggingface.co/sentence-transformers/paraphrase-multilingual-MiniLM-L12-v2/resolve/main/processor_config.json "HTTP/1.1 404 Not Found"
2026-07-30 11:30:27,631 - INFO - HTTP Request: HEAD https://huggingface.co/sentence-transformers/paraphrase-multilingual-MiniLM-L12-v2/resolve/main/preprocessor_config.json "HTTP/1.1 404 Not Found"
2026-07-30 11:30:28,186 - INFO - HTTP Request: HEAD https://huggingface.co/sentence-transformers/paraphrase-multilingual-MiniLM-L12-v2/resolve/main/video_preprocessor_config.json "HTTP/1.1 404 Not Found"
2026-07-30 11:30:28,987 - INFO - HTTP Request: HEAD https://huggingface.co/sentence-transformers/paraphrase-multilingual-MiniLM-L12-v2/resolve/main/preprocessor_config.json "HTTP/1.1 404 Not Found"
2026-07-30 11:30:29,056 - INFO - HTTP Request: HEAD https://huggingface.co/sentence-transformers/paraphrase-multilingual-MiniLM-L12-v2/resolve/main/tokenizer_config.json "HTTP/1.1 307 Temporary Redirect"
2026-07-30 11:30:29,069 - INFO - HTTP Request: HEAD https://huggingface.co/sentence-transformers/paraphrase-multilingual-MiniLM-L12-v2/resolve/main/modules.json "HTTP/1.1 307 Temporary Redirect"
2026-07-30 11:30:29,092 - INFO - HTTP Request: HEAD https://huggingface.co/api/resolve-cache/models/sentence-transformers/paraphrase-multilingual-MiniLM-L12-v2/e8f8c211226b894fcb81acc59f3b34ba3efd5f42/tokenizer_config.json "HTTP/1.1 200 OK"
2026-07-30 11:30:29,106 - INFO - HTTP Request: HEAD https://huggingface.co/api/resolve-cache/models/sentence-transformers/paraphrase-multilingual-MiniLM-L12-v2/e8f8c211226b894fcb81acc59f3b34ba3efd5f42/modules.json "HTTP/1.1 200 OK"
2026-07-30 11:30:29,167 - INFO - HTTP Request: HEAD https://huggingface.co/sentence-transformers/paraphrase-multilingual-MiniLM-L12-v2/resolve/main/config.json "HTTP/1.1 307 Temporary Redirect"
2026-07-30 11:30:29,176 - INFO - HTTP Request: HEAD https://huggingface.co/sentence-transformers/paraphrase-multilingual-MiniLM-L12-v2/resolve/main/config_sentence_transformers.json "HTTP/1.1 307 Temporary Redirect"
2026-07-30 11:30:29,200 - INFO - HTTP Request: HEAD https://huggingface.co/api/resolve-cache/models/sentence-transformers/paraphrase-multilingual-MiniLM-L12-v2/e8f8c211226b894fcb81acc59f3b34ba3efd5f42/config.json "HTTP/1.1 200 OK"
2026-07-30 11:30:29,208 - INFO - HTTP Request: HEAD https://huggingface.co/api/resolve-cache/models/sentence-transformers/paraphrase-multilingual-MiniLM-L12-v2/e8f8c211226b894fcb81acc59f3b34ba3efd5f42/config_sentence_transformers.json "HTTP/1.1 200 OK"
2026-07-30 11:30:29,211 - INFO - Loading SentenceTransformer model from sentence-transformers/paraphrase-multilingual-MiniLM-L12-v2.
2026-07-30 11:30:29,276 - INFO - HTTP Request: HEAD https://huggingface.co/sentence-transformers/paraphrase-multilingual-MiniLM-L12-v2/resolve/main/config_sentence_transformers.json "HTTP/1.1 307 Temporary Redirect"
2026-07-30 11:30:29,278 - INFO - HTTP Request: HEAD https://huggingface.co/sentence-transformers/paraphrase-multilingual-MiniLM-L12-v2/resolve/main/config.json "HTTP/1.1 307 Temporary Redirect"
2026-07-30 11:30:29,314 - INFO - HTTP Request: HEAD https://huggingface.co/api/resolve-cache/models/sentence-transformers/paraphrase-multilingual-MiniLM-L12-v2/e8f8c211226b894fcb81acc59f3b34ba3efd5f42/config_sentence_transformers.json "HTTP/1.1 200 OK"
2026-07-30 11:30:29,317 - INFO - HTTP Request: HEAD https://huggingface.co/api/resolve-cache/models/sentence-transformers/paraphrase-multilingual-MiniLM-L12-v2/e8f8c211226b894fcb81acc59f3b34ba3efd5f42/config.json "HTTP/1.1 200 OK"
2026-07-30 11:30:29,394 - INFO - HTTP Request: HEAD https://huggingface.co/sentence-transformers/paraphrase-multilingual-MiniLM-L12-v2/resolve/main/README.md "HTTP/1.1 307 Temporary Redirect"
2026-07-30 11:30:29,399 - INFO - HTTP Request: HEAD https://huggingface.co/sentence-transformers/paraphrase-multilingual-MiniLM-L12-v2/resolve/main/tokenizer_config.json "HTTP/1.1 307 Temporary Redirect"
2026-07-30 11:30:29,430 - INFO - HTTP Request: HEAD https://huggingface.co/api/resolve-cache/models/sentence-transformers/paraphrase-multilingual-MiniLM-L12-v2/e8f8c211226b894fcb81acc59f3b34ba3efd5f42/README.md "HTTP/1.1 200 OK"
2026-07-30 11:30:29,438 - INFO - HTTP Request: HEAD https://huggingface.co/api/resolve-cache/models/sentence-transformers/paraphrase-multilingual-MiniLM-L12-v2/e8f8c211226b894fcb81acc59f3b34ba3efd5f42/tokenizer_config.json "HTTP/1.1 200 OK"
2026-07-30 11:30:29,496 - INFO - HTTP Request: HEAD https://huggingface.co/sentence-transformers/paraphrase-multilingual-MiniLM-L12-v2/resolve/main/modules.json "HTTP/1.1 307 Temporary Redirect"
2026-07-30 11:30:29,506 - INFO - HTTP Request: HEAD https://huggingface.co/sentence-transformers/paraphrase-multilingual-MiniLM-L12-v2/resolve/main/tokenizer_config.json "HTTP/1.1 307 Temporary Redirect"
2026-07-30 11:30:29,533 - INFO - HTTP Request: HEAD https://huggingface.co/api/resolve-cache/models/sentence-transformers/paraphrase-multilingual-MiniLM-L12-v2/e8f8c211226b894fcb81acc59f3b34ba3efd5f42/modules.json "HTTP/1.1 200 OK"
2026-07-30 11:30:29,542 - INFO - HTTP Request: HEAD https://huggingface.co/api/resolve-cache/models/sentence-transformers/paraphrase-multilingual-MiniLM-L12-v2/e8f8c211226b894fcb81acc59f3b34ba3efd5f42/tokenizer_config.json "HTTP/1.1 200 OK"
2026-07-30 11:30:29,610 - INFO - HTTP Request: HEAD https://huggingface.co/sentence-transformers/paraphrase-multilingual-MiniLM-L12-v2/resolve/main/sentence_bert_config.json "HTTP/1.1 307 Temporary Redirect"
2026-07-30 11:30:29,621 - INFO - HTTP Request: GET https://huggingface.co/api/models/sentence-transformers/paraphrase-multilingual-MiniLM-L12-v2/tree/main/additional_chat_templates?recursive=false&expand=false "HTTP/1.1 404 Not Found"
2026-07-30 11:30:29,646 - INFO - HTTP Request: HEAD https://huggingface.co/api/resolve-cache/models/sentence-transformers/paraphrase-multilingual-MiniLM-L12-v2/e8f8c211226b894fcb81acc59f3b34ba3efd5f42/sentence_bert_config.json "HTTP/1.1 200 OK"
2026-07-30 11:30:29,695 - INFO - HTTP Request: GET https://huggingface.co/api/models/sentence-transformers/paraphrase-multilingual-MiniLM-L12-v2/tree/main?recursive=true&expand=false "HTTP/1.1 200 OK"
2026-07-30 11:30:30,843 - INFO - HTTP Request: HEAD https://huggingface.co/sentence-transformers/paraphrase-multilingual-MiniLM-L12-v2/resolve/main/adapter_config.json "HTTP/1.1 404 Not Found"
2026-07-30 11:30:31,608 - INFO - HTTP Request: HEAD https://huggingface.co/sentence-transformers/paraphrase-multilingual-MiniLM-L12-v2/resolve/main/config.json "HTTP/1.1 307 Temporary Redirect"
2026-07-30 11:30:31,612 - INFO - HTTP Request: GET https://huggingface.co/api/models/sentence-transformers/paraphrase-multilingual-MiniLM-L12-v2 "HTTP/1.1 200 OK"
2026-07-30 11:30:31,815 - INFO - HTTP Request: HEAD https://huggingface.co/api/resolve-cache/models/sentence-transformers/paraphrase-multilingual-MiniLM-L12-v2/e8f8c211226b894fcb81acc59f3b34ba3efd5f42/config.json "HTTP/1.1 200 OK"
2026-07-30 11:30:31,883 - INFO - HTTP Request: HEAD https://huggingface.co/sentence-transformers/paraphrase-multilingual-MiniLM-L12-v2/resolve/main/1_Pooling/config.json "HTTP/1.1 307 Temporary Redirect"
2026-07-30 11:30:31,918 - INFO - HTTP Request: HEAD https://huggingface.co/api/resolve-cache/models/sentence-transformers/paraphrase-multilingual-MiniLM-L12-v2/e8f8c211226b894fcb81acc59f3b34ba3efd5f42/1_Pooling%2Fconfig.json "HTTP/1.1 200 OK"
2026-07-30 11:30:31,998 - INFO - HTTP Request: GET https://huggingface.co/api/models/sentence-transformers/paraphrase-multilingual-MiniLM-L12-v2 "HTTP/1.1 200 OK"
2026-07-30 11:30:32,000 - INFO - HTTP Request: HEAD https://huggingface.co/sentence-transformers/paraphrase-multilingual-MiniLM-L12-v2/resolve/main/processor_config.json "HTTP/1.1 404 Not Found"
2026-07-30 11:30:32,248 - INFO - HTTP Request: HEAD https://huggingface.co/sentence-transformers/paraphrase-multilingual-MiniLM-L12-v2/resolve/main/preprocessor_config.json "HTTP/1.1 404 Not Found"
2026-07-30 11:30:32,580 - INFO - HTTP Request: HEAD https://huggingface.co/sentence-transformers/paraphrase-multilingual-MiniLM-L12-v2/resolve/main/video_preprocessor_config.json "HTTP/1.1 404 Not Found"
2026-07-30 11:30:32,655 - INFO - HTTP Request: HEAD https://huggingface.co/sentence-transformers/paraphrase-multilingual-MiniLM-L12-v2/resolve/main/preprocessor_config.json "HTTP/1.1 404 Not Found"
2026-07-30 11:30:32,727 - INFO - HTTP Request: HEAD https://huggingface.co/sentence-transformers/paraphrase-multilingual-MiniLM-L12-v2/resolve/main/tokenizer_config.json "HTTP/1.1 307 Temporary Redirect"
2026-07-30 11:30:32,764 - INFO - HTTP Request: HEAD https://huggingface.co/api/resolve-cache/models/sentence-transformers/paraphrase-multilingual-MiniLM-L12-v2/e8f8c211226b894fcb81acc59f3b34ba3efd5f42/tokenizer_config.json "HTTP/1.1 200 OK"
2026-07-30 11:30:32,845 - INFO - HTTP Request: HEAD https://huggingface.co/sentence-transformers/paraphrase-multilingual-MiniLM-L12-v2/resolve/main/config.json "HTTP/1.1 307 Temporary Redirect"
2026-07-30 11:30:32,881 - INFO - HTTP Request: HEAD https://huggingface.co/api/resolve-cache/models/sentence-transformers/paraphrase-multilingual-MiniLM-L12-v2/e8f8c211226b894fcb81acc59f3b34ba3efd5f42/config.json "HTTP/1.1 200 OK"
2026-07-30 11:30:32,961 - INFO - HTTP Request: HEAD https://huggingface.co/sentence-transformers/paraphrase-multilingual-MiniLM-L12-v2/resolve/main/config.json "HTTP/1.1 307 Temporary Redirect"
2026-07-30 11:30:32,996 - INFO - HTTP Request: HEAD https://huggingface.co/api/resolve-cache/models/sentence-transformers/paraphrase-multilingual-MiniLM-L12-v2/e8f8c211226b894fcb81acc59f3b34ba3efd5f42/config.json "HTTP/1.1 200 OK"
2026-07-30 11:30:33,067 - INFO - HTTP Request: HEAD https://huggingface.co/sentence-transformers/paraphrase-multilingual-MiniLM-L12-v2/resolve/main/tokenizer_config.json "HTTP/1.1 307 Temporary Redirect"
2026-07-30 11:30:33,103 - INFO - HTTP Request: HEAD https://huggingface.co/api/resolve-cache/models/sentence-transformers/paraphrase-multilingual-MiniLM-L12-v2/e8f8c211226b894fcb81acc59f3b34ba3efd5f42/tokenizer_config.json "HTTP/1.1 200 OK"
2026-07-30 11:30:33,176 - INFO - HTTP Request: HEAD https://huggingface.co/sentence-transformers/paraphrase-multilingual-MiniLM-L12-v2/resolve/main/tokenizer_config.json "HTTP/1.1 307 Temporary Redirect"
2026-07-30 11:30:33,211 - INFO - HTTP Request: HEAD https://huggingface.co/api/resolve-cache/models/sentence-transformers/paraphrase-multilingual-MiniLM-L12-v2/e8f8c211226b894fcb81acc59f3b34ba3efd5f42/tokenizer_config.json "HTTP/1.1 200 OK"
2026-07-30 11:30:33,289 - INFO - HTTP Request: GET https://huggingface.co/api/models/sentence-transformers/paraphrase-multilingual-MiniLM-L12-v2/tree/main/additional_chat_templates?recursive=false&expand=false "HTTP/1.1 404 Not Found"
2026-07-30 11:30:33,360 - INFO - HTTP Request: GET https://huggingface.co/api/models/sentence-transformers/paraphrase-multilingual-MiniLM-L12-v2/tree/main?recursive=true&expand=false "HTTP/1.1 200 OK"
2026-07-30 11:30:35,179 - INFO - HTTP Request: GET https://huggingface.co/api/models/sentence-transformers/paraphrase-multilingual-MiniLM-L12-v2 "HTTP/1.1 200 OK"
2026-07-30 11:30:35,488 - INFO - HTTP Request: HEAD https://huggingface.co/sentence-transformers/paraphrase-multilingual-MiniLM-L12-v2/resolve/main/1_Pooling/config.json "HTTP/1.1 307 Temporary Redirect"
2026-07-30 11:30:35,520 - INFO - HTTP Request: HEAD https://huggingface.co/api/resolve-cache/models/sentence-transformers/paraphrase-multilingual-MiniLM-L12-v2/e8f8c211226b894fcb81acc59f3b34ba3efd5f42/1_Pooling%2Fconfig.json "HTTP/1.1 200 OK"
2026-07-30 11:30:35,591 - INFO - HTTP Request: GET https://huggingface.co/api/models/sentence-transformers/paraphrase-multilingual-MiniLM-L12-v2 "HTTP/1.1 200 OK"
2026-07-30 11:30:35,698 - INFO - Índices creados/verificados correctamente
2026-07-30 11:30:35,700 - INFO - Tablas nuevas creadas/verificadas correctamente
2026-07-30 11:30:35,712 - INFO - Índices creados/verificados correctamente
2026-07-30 11:30:35,714 - INFO - Tablas nuevas creadas/verificadas correctamente
2026-07-30 11:30:35,725 - INFO - Índices creados/verificados correctamente
2026-07-30 11:30:35,726 - INFO - Tablas nuevas creadas/verificadas correctamente
2026-07-30 11:30:35,736 - INFO - Índices creados/verificados correctamente
2026-07-30 11:30:35,739 - INFO - Tablas nuevas creadas/verificadas correctamente
2026-07-30 11:30:35,749 - INFO - Índices creados/verificados correctamente
2026-07-30 11:30:35,750 - INFO - Tablas nuevas creadas/verificadas correctamente
2026-07-30 11:30:35,761 - INFO - Índices creados/verificados correctamente
2026-07-30 11:30:35,762 - INFO - Tablas nuevas creadas/verificadas correctamente
2026-07-30 11:30:35,769 - INFO - Índices creados/verificados correctamente
2026-07-30 11:30:35,776 - INFO - Tablas nuevas creadas/verificadas correctamente
2026-07-30 11:30:35,785 - INFO - Índices creados/verificados correctamente
2026-07-30 11:30:35,790 - INFO - Tablas nuevas creadas/verificadas correctamente
2026-07-30 11:30:35,801 - INFO - Índices creados/verificados correctamente
2026-07-30 11:30:35,802 - INFO - Tablas nuevas creadas/verificadas correctamente
2026-07-30 11:30:35,813 - INFO - Índices creados/verificados correctamente
2026-07-30 11:30:35,814 - INFO - Tablas nuevas creadas/verificadas correctamente
2026-07-30 11:30:35,827 - INFO - Índices creados/verificados correctamente
2026-07-30 11:30:35,828 - INFO - Tablas nuevas creadas/verificadas correctamente
2026-07-30 11:30:35,837 - INFO - Índices creados/verificados correctamente
2026-07-30 11:30:35,839 - INFO - Tablas nuevas creadas/verificadas correctamente
2026-07-30 11:30:35,849 - INFO - Índices creados/verificados correctamente
2026-07-30 11:30:35,850 - INFO - Tablas nuevas creadas/verificadas correctamente
2026-07-30 11:30:35,863 - INFO - Índices creados/verificados correctamente
2026-07-30 11:30:35,865 - INFO - Tablas nuevas creadas/verificadas correctamente
2026-07-30 11:30:35,878 - INFO - Índices creados/verificados correctamente
2026-07-30 11:30:35,880 - INFO - Tablas nuevas creadas/verificadas correctamente
2026-07-30 11:30:35,898 - INFO - Índices creados/verificados correctamente
2026-07-30 11:30:35,901 - INFO - Tablas nuevas creadas/verificadas correctamente
2026-07-30 11:30:35,916 - INFO - Índices creados/verificados correctamente
2026-07-30 11:30:35,917 - INFO - Tablas nuevas creadas/verificadas correctamente
2026-07-30 11:30:35,937 - INFO - Índices creados/verificados correctamente
2026-07-30 11:30:35,939 - INFO - Tablas nuevas creadas/verificadas correctamente
2026-07-30 11:30:35,949 - INFO - Índices creados/verificados correctamente
2026-07-30 11:30:35,951 - INFO - Tablas nuevas creadas/verificadas correctamente
2026-07-30 11:30:35,963 - INFO - Índices creados/verificados correctamente
2026-07-30 11:30:35,964 - INFO - Tablas nuevas creadas/verificadas correctamente
2026-07-30 11:30:35,978 - INFO - Aplicación ejecutada correctamente
