2026-07-28 16:10:27,210 - INFO - Iniciando aplicación UNSPSC DGCP Buscador
2026-07-28 16:10:27,210 - INFO - Iniciando aplicación UNSPSC DGCP Buscador
2026-07-28 16:10:27,372 - INFO - Índices creados/verificados correctamente
2026-07-28 16:10:27,463 - INFO - Tablas nuevas creadas/verificadas correctamente
2026-07-28 16:10:27,635 - INFO - Índices creados/verificados correctamente
2026-07-28 16:10:27,640 - INFO - Tablas nuevas creadas/verificadas correctamente
2026-07-28 16:11:25,362 - INFO - Iniciando aplicación UNSPSC DGCP Buscador
2026-07-28 16:11:25,364 - INFO - Índices creados/verificados correctamente
2026-07-28 16:11:25,366 - INFO - Tablas nuevas creadas/verificadas correctamente
2026-07-28 16:11:27,305 - INFO - Catálogo cargado: 16889 registros
2026-07-28 16:11:27,505 - INFO - Sinónimos cargados: 2414 términos
2026-07-28 16:11:27,531 - INFO - Equivalencias DIGEPRES cargadas: 3627 registros
2026-07-28 16:11:27,569 - ERROR - Error en la aplicación: Cannot hash argument 'self' (of type `src.models.EmbeddingManager`) in 'cargar_embeddings'.

To address this, you can tell Streamlit not to hash this argument by adding a
leading underscore to the argument's name in the function signature:

```
@st.cache_resource
def cargar_embeddings(_self, ...):
    ...
```
            
Traceback (most recent call last):
  File "C:\Users\rudy.marcell\AppData\Local\Python\pythoncore-3.14-64\Lib\site-packages\streamlit\runtime\caching\hashing.py", line 658, in _to_bytes
    reduce_data = obj.__reduce__()
  File "C:\Users\rudy.marcell\AppData\Local\Python\pythoncore-3.14-64\Lib\copyreg.py", line 75, in _reduce_ex
    raise TypeError(f"cannot pickle {cls.__name__!r} object")
TypeError: cannot pickle 'function' object

The above exception was the direct cause of the following exception:

Traceback (most recent call last):
  File "C:\Users\rudy.marcell\AppData\Local\Python\pythoncore-3.14-64\Lib\site-packages\streamlit\runtime\caching\cache_utils.py", line 524, in _make_value_key
    update_hash(
    ~~~~~~~~~~~^
        arg_value,
        ^^^^^^^^^^
    ...<3 lines>...
        hash_source=func,
        ^^^^^^^^^^^^^^^^^
    )
    ^
  File "C:\Users\rudy.marcell\AppData\Local\Python\pythoncore-3.14-64\Lib\site-packages\streamlit\runtime\caching\hashing.py", line 168, in update_hash
    ch.update(hasher, val)
    ~~~~~~~~~^^^^^^^^^^^^^
  File "C:\Users\rudy.marcell\AppData\Local\Python\pythoncore-3.14-64\Lib\site-packages\streamlit\runtime\caching\hashing.py", line 343, in update
    b = self.to_bytes(obj)
  File "C:\Users\rudy.marcell\AppData\Local\Python\pythoncore-3.14-64\Lib\site-packages\streamlit\runtime\caching\hashing.py", line 325, in to_bytes
    b = b"%s:%s" % (tname, self._to_bytes(obj))
                           ~~~~~~~~~~~~~~^^^^^
  File "C:\Users\rudy.marcell\AppData\Local\Python\pythoncore-3.14-64\Lib\site-packages\streamlit\runtime\caching\hashing.py", line 663, in _to_bytes
    self.update(h, item)
    ~~~~~~~~~~~^^^^^^^^^
  File "C:\Users\rudy.marcell\AppData\Local\Python\pythoncore-3.14-64\Lib\site-packages\streamlit\runtime\caching\hashing.py", line 343, in update
    b = self.to_bytes(obj)
  File "C:\Users\rudy.marcell\AppData\Local\Python\pythoncore-3.14-64\Lib\site-packages\streamlit\runtime\caching\hashing.py", line 325, in to_bytes
    b = b"%s:%s" % (tname, self._to_bytes(obj))
                           ~~~~~~~~~~~~~~^^^^^
  File "C:\Users\rudy.marcell\AppData\Local\Python\pythoncore-3.14-64\Lib\site-packages\streamlit\runtime\caching\hashing.py", line 660, in _to_bytes
    raise UnhashableTypeError() from ex
streamlit.runtime.caching.cache_errors.UnhashableTypeError

During handling of the above exception, another exception occurred:

Traceback (most recent call last):
  File "C:\proyect_unspsc\app.py", line 88, in main
    ui_manager.render()
    ~~~~~~~~~~~~~~~~~^^
  File "C:\proyect_unspsc\src\ui.py", line 44, in render
    embeddings = self.embedding_manager.cargar_embeddings()
  File "C:\Users\rudy.marcell\AppData\Local\Python\pythoncore-3.14-64\Lib\site-packages\streamlit\runtime\caching\cache_utils.py", line 236, in __call__
    return self._cached_func(self._instance, *args, **kwargs)
           ~~~~~~~~~~~~~~~~~^^^^^^^^^^^^^^^^^^^^^^^^^^^^^^^^^
  File "C:\Users\rudy.marcell\AppData\Local\Python\pythoncore-3.14-64\Lib\site-packages\streamlit\runtime\caching\cache_utils.py", line 281, in __call__
    return self._get_or_create_cached_value(args, kwargs, spinner_message)
           ~~~~~~~~~~~~~~~~~~~~~~~~~~~~~~~~^^^^^^^^^^^^^^^^^^^^^^^^^^^^^^^
  File "C:\Users\rudy.marcell\AppData\Local\Python\pythoncore-3.14-64\Lib\site-packages\streamlit\runtime\caching\cache_utils.py", line 296, in _get_or_create_cached_value
    value_key = _make_value_key(
        cache_type=self._info.cache_type,
    ...<3 lines>...
        hash_funcs=self._info.hash_funcs,
    )
  File "C:\Users\rudy.marcell\AppData\Local\Python\pythoncore-3.14-64\Lib\site-packages\streamlit\runtime\caching\cache_utils.py", line 532, in _make_value_key
    raise UnhashableParamError(cache_type, func, arg_name, arg_value, exc)
  File "C:\Users\rudy.marcell\AppData\Local\Python\pythoncore-3.14-64\Lib\site-packages\streamlit\runtime\caching\cache_utils.py", line 524, in _make_value_key
    update_hash(
    ~~~~~~~~~~~^
        arg_value,
        ^^^^^^^^^^
    ...<3 lines>...
        hash_source=func,
        ^^^^^^^^^^^^^^^^^
    )
    ^
  File "C:\Users\rudy.marcell\AppData\Local\Python\pythoncore-3.14-64\Lib\site-packages\streamlit\runtime\caching\hashing.py", line 168, in update_hash
    ch.update(hasher, val)
    ~~~~~~~~~^^^^^^^^^^^^^
  File "C:\Users\rudy.marcell\AppData\Local\Python\pythoncore-3.14-64\Lib\site-packages\streamlit\runtime\caching\hashing.py", line 343, in update
    b = self.to_bytes(obj)
  File "C:\Users\rudy.marcell\AppData\Local\Python\pythoncore-3.14-64\Lib\site-packages\streamlit\runtime\caching\hashing.py", line 325, in to_bytes
    b = b"%s:%s" % (tname, self._to_bytes(obj))
                           ~~~~~~~~~~~~~~^^^^^
  File "C:\Users\rudy.marcell\AppData\Local\Python\pythoncore-3.14-64\Lib\site-packages\streamlit\runtime\caching\hashing.py", line 663, in _to_bytes
    self.update(h, item)
    ~~~~~~~~~~~^^^^^^^^^
  File "C:\Users\rudy.marcell\AppData\Local\Python\pythoncore-3.14-64\Lib\site-packages\streamlit\runtime\caching\hashing.py", line 343, in update
    b = self.to_bytes(obj)
  File "C:\Users\rudy.marcell\AppData\Local\Python\pythoncore-3.14-64\Lib\site-packages\streamlit\runtime\caching\hashing.py", line 325, in to_bytes
    b = b"%s:%s" % (tname, self._to_bytes(obj))
                           ~~~~~~~~~~~~~~^^^^^
  File "C:\Users\rudy.marcell\AppData\Local\Python\pythoncore-3.14-64\Lib\site-packages\streamlit\runtime\caching\hashing.py", line 660, in _to_bytes
    raise UnhashableTypeError() from ex
streamlit.runtime.caching.cache_errors.UnhashableParamError: Cannot hash argument 'self' (of type `src.models.EmbeddingManager`) in 'cargar_embeddings'.

To address this, you can tell Streamlit not to hash this argument by adding a
leading underscore to the argument's name in the function signature:

```
@st.cache_resource
def cargar_embeddings(_self, ...):
    ...
```
            
